---
source: tests/init.rs
expression: recipes_schema
---
{
  "$schema": "http://json-schema.org/draft-07/schema#",
  "definitions": {
    "recipe": {
      "description": "A single recipe with ingredients",
      "properties": {
        "ingredients": {
          "description": "List of ingredients with amounts",
          "items": {
            "$ref": "#/definitions/recipeIngredient"
          },
          "type": "array"
        },
        "name": {
          "description": "Recipe name",
          "type": "string"
        }
      },
      "required": [
        "name",
        "ingredients"
      ],
      "type": "object"
    },
    "recipeIngredient": {
      "description": "An ingredient with amount in grams",
      "properties": {
        "grams": {
          "description": "Amount in grams",
          "exclusiveMinimum": 0,
          "type": "number"
        },
        "ingredient_id": {
          "description": "Ingredient ID (must match an ingredient id in ingredients file)",
          "minLength": 1,
          "type": "string"
        }
      },
      "required": [
        "ingredient_id",
        "grams"
      ],
      "type": "object"
    }
  },
  "description": "Schema for nutriterm recipe files",
  "properties": {
    "recipes": {
      "description": "List of recipes",
      "items": {
        "$ref": "#/definitions/recipe"
      },
      "type": "array"
    }
  },
  "required": [
    "recipes"
  ],
  "title": "Nutriterm Recipes",
  "type": "object"
}
