---
source: tests/init.rs
expression: recipes_schema
---
{
  "$schema": "http://json-schema.org/draft-07/schema#",
  "title": "Nutriterm Recipes",
  "description": "Schema for nutriterm recipe files",
  "type": "object",
  "required": ["recipes"],
  "properties": {
    "recipes": {
      "type": "array",
      "description": "List of recipes",
      "items": { "$ref": "#/definitions/recipe" }
    }
  },
  "definitions": {
    "recipe": {
      "type": "object",
      "description": "A single recipe with ingredients",
      "required": ["name", "ingredients"],
      "properties": {
        "name": {
          "type": "string",
          "description": "Recipe name"
        },

        "ingredients": {
          "type": "array",
          "description": "List of ingredients with amounts",
          "items": { "$ref": "#/definitions/recipeIngredient" }
        }
      }
    },
    "recipeIngredient": {
      "type": "object",
      "description": "An ingredient with amount in grams",
      "required": ["id", "grams"],
      "properties": {
        "id": {
          "type": "string",
          "description": "Ingredient ID (must match an ingredient id in ingredients file)",
          "minLength": 1
        },
        "grams": {
          "type": "number",
          "description": "Amount in grams",
          "exclusiveMinimum": 0
        }
      }
    }
  }
}
