---
source: tests/init.rs
expression: recipes_content
---
{
  // JSONC format allows comments and trailing commas for better readability
  // This file should follow the recipes.schema.json schema for IDE support
  "$schema": "./recipes.schema.json",
  
  "recipes": [
    {
      "name": "Chicken Rice Bowl",
      "ingredients": [
        {
          "id": "chicken_breast",
          "grams": 120
        },
        {
          "id": "brown_rice",
          "grams": 80
        },
        {
          "id": "broccoli",
          "grams": 150
        },
        {
          "id": "olive_oil",
          "grams": 10
        }
      ]
    }
    // Add more recipes here...
    // Remember: ingredient IDs must be defined in your ingredients.jsonc file
  ]
}
