---
source: tests/recipe.rs
expression: snapshot_content
---
Available recipes: Chicken Rice Bowl, Beef Rice Stir Fry, Chicken Salad
$ nutriterm recipe "chicken rice"
Recipe: Chicken Rice Bowl

╭────────────────┬──────────┬─────────────┬───────────┬───────┬─────────┬────────────╮
│  Name          │  Weight  │  Net carbs  │  Protein  │  Fat  │  Fiber  │  Calories  │
├────────────────┼──────────┼─────────────┼───────────┼───────┼─────────┼────────────┤
│ Chicken Breast │  150.0 g │         0 g │    46.5 g │ 5.4 g │     0 g │   235 kcal │
│          Total │  150.0 g │         0 g │    46.5 g │ 5.4 g │     0 g │   235 kcal │
╰────────────────┴──────────┴─────────────┴───────────┴───────┴─────────┴────────────╯

150.0 g  Chicken Breast
