---
source: tests/recipe.rs
expression: snapshot_content
---
Available recipes: Chicken Rice Bowl, Chicken Salad, Spicy Chicken Curry
$ nutriterm recipe chicken
Multiple recipes found for 'chicken' (3 matches):
- Chicken Rice Bowl
- Chicken Salad
- Spicy Chicken Curry

Please be more specific with your search term.
