---
source: tests/scaling.rs
expression: content
---
Available recipes: mixed-extreme-test
$ nutriterm recipe mixed-extreme-test
Recipe: mixed-extreme-test

╭───────────────────────────┬───────────┬─────────────┬───────────┬─────────┬─────────┬─────────────╮
│  Name                     │  Weight   │  Net carbs  │  Protein  │  Fat    │  Fiber  │  Calories   │
├───────────────────────────┼───────────┼─────────────┼───────────┼─────────┼─────────┼─────────────┤
│ Extremely Long Ingredien… │ 1,234.6 g │   1,234.6 g │     0.0 g │ 624.1 g │     0 g │ 10,556 kcal │
│                         X │       0 g │         0 g │       0 g │     0 g │     0 g │      0 kcal │
│                     Total │ 1,234.6 g │   1,234.6 g │     0.0 g │ 624.1 g │     0 g │ 10,556 kcal │
╰───────────────────────────┴───────────┴─────────────┴───────────┴─────────┴─────────┴─────────────╯
