---
source: tests/scaling.rs
expression: content
---
Available recipes: extreme-values-test
$ nutriterm recipe extreme-values-test
Recipe: extreme-values-test

╭──────────────┬───────────┬─────────────┬───────────┬───────────┬─────────┬─────────────╮
│  Name        │  Weight   │  Net carbs  │  Protein  │  Fat      │  Fiber  │  Calories   │
├──────────────┼───────────┼─────────────┼───────────┼───────────┼─────────┼─────────────┤
│  Tiny Values │       0 g │         0 g │       0 g │       0 g │     0 g │      0 kcal │
│ Small Values │     5.5 g │         0 g │     0.0 g │       0 g │     0 g │      0 kcal │
│ Large Values │   2,500 g │   2,387.5 g │   2,220 g │ 1,942.5 g │ 1,665 g │ 35,912 kcal │
│        Total │ 2,505.5 g │   2,387.5 g │   2,220 g │ 1,942.5 g │ 1,665 g │ 35,913 kcal │
╰──────────────┴───────────┴─────────────┴───────────┴───────────┴─────────┴─────────────╯
